// Jest Snapshot v1, https://goo.gl/fbAQLP

exports[`Error component Error component snapshot 1`] = `
<div>
  <div
    class="MuiPaper-root MuiPaper-elevation1 MuiPaper-rounded"
  >
    <h6
      class="MuiTypography-root MuiTypography-h6 MuiTypography-gutterBottom"
    >
      test
    </h6>
  </div>
</div>
`;
